1000 Byte are send
0.024938 seconds for Process 0 to send.
0.027190 seconds for Process 0 to send.
0.000025 seconds for Process 0 to send.
0.000001 seconds for Process 0 to send.
0.000011 seconds for Process 0 to send.
0.000002 seconds for Process 0 to send.
0.000002 seconds for Process 0 to send.
0.000001 seconds for Process 0 to send.
0.000002 seconds for Process 0 to send.
0.000002 seconds for Process 0 to send.
0.000203 seconds for Process 0 to send.
0.000001 seconds for Process 0 to send.
0.000001 seconds for Process 0 to send.
0.000001 seconds for Process 0 to send.
0.000001 seconds for Process 0 to send.
0.000001 seconds for Process 0 to send.
0.000001 seconds for Process 0 to send.
0.000001 seconds for Process 0 to send.
0.000001 seconds for Process 0 to send.
0.000001 seconds for Process 0 to send.
0.000001 seconds for Process 0 to send.
0.000001 seconds for Process 0 to send.
0.000001 seconds for Process 0 to send.
0.000000 seconds for Process 0 to send.
0.000001 seconds for Process 0 to send.
0.000001 seconds for Process 0 to send.
0.000000 seconds for Process 0 to send.
0.000001 seconds for Process 0 to send.
0.000001 seconds for Process 0 to send.
0.000001 seconds for Process 0 to send.
0.000001 seconds for Process 0 to send.
0.000000 seconds for Process 0 to send.
0.000001 seconds for Process 0 to send.
0.000001 seconds for Process 0 to send.
0.000000 seconds for Process 0 to send.
0.000001 seconds for Process 0 to send.
0.000001 seconds for Process 0 to send.
0.000001 seconds for Process 0 to send.
0.000001 seconds for Process 0 to send.
0.000001 seconds for Process 0 to send.
0.000001 seconds for Process 0 to send.
0.000000 seconds for Process 0 to send.
0.000217 seconds for Process 0 to send.
0.000003 seconds for Process 0 to send.
0.000002 seconds for Process 0 to send.
0.000001 seconds for Process 0 to send.
0.000001 seconds for Process 0 to send.
0.000001 seconds for Process 0 to send.
0.000001 seconds for Process 0 to send.
0.000000 seconds for Process 0 to send.
0.000001 seconds for Process 0 to send.
0.000001 seconds for Process 0 to send.
0.000001 seconds for Process 0 to send.
0.000001 seconds for Process 0 to send.
0.000000 seconds for Process 0 to send.
0.000001 seconds for Process 0 to send.
0.000001 seconds for Process 0 to send.
0.000001 seconds for Process 0 to send.
0.000000 seconds for Process 0 to send.
0.000001 seconds for Process 0 to send.
0.000001 seconds for Process 0 to send.
0.000000 seconds for Process 0 to send.
0.000001 seconds for Process 0 to send.
0.000000 seconds for Process 0 to send.
0.000001 seconds for Process 0 to send.
0.000001 seconds for Process 0 to send.
0.000016 seconds for Process 0 to send.
0.000001 seconds for Process 0 to send.
0.000000 seconds for Process 0 to send.
0.000001 seconds for Process 0 to send.
0.000000 seconds for Process 0 to send.
0.000001 seconds for Process 0 to send.
0.000000 seconds for Process 0 to send.
0.000001 seconds for Process 0 to send.
0.000000 seconds for Process 0 to send.
0.000001 seconds for Process 0 to send.
0.000000 seconds for Process 0 to send.
0.000001 seconds for Process 0 to send.
0.000000 seconds for Process 0 to send.
0.000001 seconds for Process 0 to send.
0.000000 seconds for Process 0 to send.
0.000001 seconds for Process 0 to send.
0.000001 seconds for Process 0 to send.
0.000001 seconds for Process 0 to send.
0.000000 seconds for Process 0 to send.
0.000001 seconds for Process 0 to send.
0.000001 seconds for Process 0 to send.
0.000000 seconds for Process 0 to send.
0.000001 seconds for Process 0 to send.
0.000000 seconds for Process 0 to send.
0.000001 seconds for Process 0 to send.
0.000000 seconds for Process 0 to send.
0.000001 seconds for Process 0 to send.
0.000001 seconds for Process 0 to send.
0.000001 seconds for Process 0 to send.
0.000000 seconds for Process 0 to send.
0.000001 seconds for Process 0 to send.
0.000001 seconds for Process 0 to send.
0.000000 seconds for Process 0 to send.
0.024972 seconds for Process 1 to receive.
0.027185 seconds for Process 1 to receive.
0.000040 seconds for Process 1 to receive.
0.000001 seconds for Process 1 to receive.
0.000009 seconds for Process 1 to receive.
0.000003 seconds for Process 1 to receive.
0.000001 seconds for Process 1 to receive.
0.000002 seconds for Process 1 to receive.
0.000002 seconds for Process 1 to receive.
0.000002 seconds for Process 1 to receive.
0.000205 seconds for Process 1 to receive.
0.000001 seconds for Process 1 to receive.
0.000001 seconds for Process 1 to receive.
0.000001 seconds for Process 1 to receive.
0.000001 seconds for Process 1 to receive.
0.000001 seconds for Process 1 to receive.
0.000001 seconds for Process 1 to receive.
0.000070 seconds for Process 1 to receive.
0.000005 seconds for Process 1 to receive.
0.000000 seconds for Process 1 to receive.
0.000000 seconds for Process 1 to receive.
0.000000 seconds for Process 1 to receive.
0.000000 seconds for Process 1 to receive.
0.000000 seconds for Process 1 to receive.
0.000001 seconds for Process 1 to receive.
0.000001 seconds for Process 1 to receive.
0.000001 seconds for Process 1 to receive.
0.000008 seconds for Process 1 to receive.
0.000000 seconds for Process 1 to receive.
0.000000 seconds for Process 1 to receive.
0.000000 seconds for Process 1 to receive.
0.000000 seconds for Process 1 to receive.
0.000001 seconds for Process 1 to receive.
0.000001 seconds for Process 1 to receive.
0.000001 seconds for Process 1 to receive.
0.000000 seconds for Process 1 to receive.
0.000000 seconds for Process 1 to receive.
0.000004 seconds for Process 1 to receive.
0.000001 seconds for Process 1 to receive.
0.000000 seconds for Process 1 to receive.
0.000000 seconds for Process 1 to receive.
0.000000 seconds for Process 1 to receive.
0.000147 seconds for Process 1 to receive.
0.000007 seconds for Process 1 to receive.
0.000005 seconds for Process 1 to receive.
0.000004 seconds for Process 1 to receive.
0.000004 seconds for Process 1 to receive.
0.000014 seconds for Process 1 to receive.
0.000001 seconds for Process 1 to receive.
0.000001 seconds for Process 1 to receive.
0.000001 seconds for Process 1 to receive.
0.000001 seconds for Process 1 to receive.
0.000001 seconds for Process 1 to receive.
0.000002 seconds for Process 1 to receive.
0.000001 seconds for Process 1 to receive.
0.000001 seconds for Process 1 to receive.
0.000001 seconds for Process 1 to receive.
0.000001 seconds for Process 1 to receive.
0.000001 seconds for Process 1 to receive.
0.000002 seconds for Process 1 to receive.
0.000001 seconds for Process 1 to receive.
0.000001 seconds for Process 1 to receive.
0.000001 seconds for Process 1 to receive.
0.000001 seconds for Process 1 to receive.
0.000001 seconds for Process 1 to receive.
0.000001 seconds for Process 1 to receive.
0.000010 seconds for Process 1 to receive.
0.000005 seconds for Process 1 to receive.
0.000001 seconds for Process 1 to receive.
0.000001 seconds for Process 1 to receive.
0.000001 seconds for Process 1 to receive.
0.000001 seconds for Process 1 to receive.
0.000001 seconds for Process 1 to receive.
0.000001 seconds for Process 1 to receive.
0.000001 seconds for Process 1 to receive.
0.000001 seconds for Process 1 to receive.
0.000001 seconds for Process 1 to receive.
0.000001 seconds for Process 1 to receive.
0.000001 seconds for Process 1 to receive.
0.000001 seconds for Process 1 to receive.
0.000001 seconds for Process 1 to receive.
0.000002 seconds for Process 1 to receive.
0.000000 seconds for Process 1 to receive.
0.000002 seconds for Process 1 to receive.
0.000000 seconds for Process 1 to receive.
0.000002 seconds for Process 1 to receive.
0.000000 seconds for Process 1 to receive.
0.000001 seconds for Process 1 to receive.
0.000000 seconds for Process 1 to receive.
0.000002 seconds for Process 1 to receive.
0.000001 seconds for Process 1 to receive.
0.000002 seconds for Process 1 to receive.
0.000001 seconds for Process 1 to receive.
0.000002 seconds for Process 1 to receive.
0.000000 seconds for Process 1 to receive.
0.000002 seconds for Process 1 to receive.
0.000000 seconds for Process 1 to receive.
0.000002 seconds for Process 1 to receive.
0.000000 seconds for Process 1 to receive.

everything send correctly 
