# Prozess 0 von 2 on node0 
#sendmode = 1, startPackageSize = 128, start iterations = 128000000 cutoff = 10000000, statistical iterations = 1 
# Prozess 1 von 2 on node1 
#sendmode = 1, startPackageSize = 128, start iterations = 128000000 cutoff = 10000000, statistical iterations = 1 
#9.1.2014 - 13:13
# repeats  packagesize time sendbandwidth varianz receivebandwidth varianz load last: 1min 5min 15min 
120000 512 0.206083 298132565.023936 0.000000 298070149.105609 0.000000 - 0.000000 0.010000 0.050000 
120000 1024 0.063655 1930401909.891419 0.000000 1912117872.242545 0.000000 - 0.000000 0.010000 0.050000 
120000 2048 7.115743 34537502.895403 0.000000 34536732.213246 0.000000 - 0.080000 0.030000 0.050000 
120000 4096 12.985750 37850721.099365 0.000000 37849803.106087 0.000000 - 0.290000 0.080000 0.070000 
1250000 8192 76.422751 133991512.223530 0.000000 133990820.407738 0.000000 - 0.800000 0.280000 0.140000 
625000 16384 6.455313 1586290246.789123 0.000000 1585958300.536918 0.000000 - 0.830000 0.310000 0.150000 
312500 32768 4.366082 2345352219.705750 0.000000 2345304833.794708 0.000000 - 0.830000 0.310000 0.150000 
156240 65536 3.348387 3057993186.269799 0.000000 3057892593.063645 0.000000 - 0.840000 0.320000 0.150000 
78120 131072 2.856777 3584229643.888214 0.000000 3583975999.821962 0.000000 - 0.850000 0.330000 0.160000 
39060 262144 2.013337 5085758203.599383 0.000000 5084808627.120625 0.000000 - 0.850000 0.330000 0.160000 
19520 524288 1.868105 5478332755.193390 0.000000 5476295411.970510 0.000000 - 0.850000 0.330000 0.160000 
9760 1048576 1.789916 5717643475.892359 0.000000 5713404532.606858 0.000000 - 0.870000 0.340000 0.160000 
4880 2097152 1.747277 5857171836.296815 0.000000 5848476464.205980 0.000000 - 0.870000 0.340000 0.160000 
2440 4194304 1.728501 5920796510.548902 0.000000 5903254950.232430 0.000000 - 0.880000 0.350000 0.160000 
1220 8388608 1.740556 5879788843.461910 0.000000 5845329808.977602 0.000000 - 0.880000 0.350000 0.160000 
600 16777216 1.785610 5637473929.001491 0.000000 5573032822.583659 0.000000 - 0.880000 0.350000 0.160000 
300 33554432 1.853338 5431459120.162841 0.000000 5310760438.518304 0.000000 - 0.890000 0.360000 0.170000 
