# Prozess 0 von 2 on node0 
#sendmode = 1, startPackageSize = 128, start iterations = 128000000 cutoff = 10000000, statistical iterations = 1 
# Prozess 1 von 2 on node1 
#sendmode = 1, startPackageSize = 128, start iterations = 128000000 cutoff = 10000000, statistical iterations = 1 
#9.1.2014 - 11:49
# repeats  packagesize time sendbandwidth varianz receivebandwidth varianz load last: 1min 5min 15min 
240000 512 10.680994 11504547.199539 0.000000 11504579.556648 0.000000 - 0.400000 0.390000 0.400000 
240000 1024 23.669020 10383192.909922 0.000000 10382959.992906 0.000000 - 0.570000 0.430000 0.420000 
240000 2048 0.155208 3166844808.798906 0.000000 3165458987.493762 0.000000 - 0.570000 0.430000 0.420000 
2500000 4096 155.123492 66011922.938376 0.000000 66011884.993227 0.000000 - 0.970000 0.660000 0.510000 
1250000 8192 63.032518 162455829.162464 0.000000 162453870.210382 0.000000 - 0.990000 0.730000 0.540000 
625000 16384 6.330875 1617469959.456366 0.000000 1617279140.400743 0.000000 - 0.990000 0.730000 0.540000 
312500 32768 4.360147 2348544670.972128 0.000000 2348498311.720332 0.000000 - 0.990000 0.740000 0.540000 
156240 65536 3.347775 3058552230.562171 0.000000 3058459006.017980 0.000000 - 0.990000 0.740000 0.540000 
78120 131072 2.836258 3610159588.966340 0.000000 3609860692.343585 0.000000 - 0.990000 0.740000 0.540000 
39060 262144 2.009820 5094656986.512316 0.000000 5093656358.035864 0.000000 - 0.990000 0.750000 0.550000 
19520 524288 1.871015 5469812570.658496 0.000000 5467706338.992078 0.000000 - 0.990000 0.750000 0.550000 
9760 1048576 1.790036 5717260418.899027 0.000000 5713050177.011667 0.000000 - 0.990000 0.750000 0.550000 
4880 2097152 1.747630 5855988430.755717 0.000000 5847302941.620198 0.000000 - 0.990000 0.750000 0.550000 
2440 4194304 1.728233 5921714598.490583 0.000000 5904123752.876594 0.000000 - 0.990000 0.750000 0.550000 
1220 8388608 1.730858 5912733015.880729 0.000000 5877924924.079830 0.000000 - 0.990000 0.750000 0.550000 
600 16777216 1.785929 5636466958.903253 0.000000 5572057564.253733 0.000000 - 0.990000 0.750000 0.550000 
300 33554432 1.851264 5437544078.171391 0.000000 5316744519.028699 0.000000 - 0.990000 0.750000 0.550000 
