# Prozess 0 von 2 on node0 
#sendmode = 1, startPackageSize = 128, start iterations = 128000000 cutoff = 10000000, statistical iterations = 1 
# Prozess 1 von 2 on node1 
#sendmode = 1, startPackageSize = 128, start iterations = 128000000 cutoff = 10000000, statistical iterations = 1 
#9.1.2014 - 13:17
# repeats  packagesize time sendbandwidth varianz receivebandwidth varianz load last: 1min 5min 15min 
120000 512 0.213069 288357344.003867 0.000000 288419631.666187 0.000000 - 0.090000 0.230000 0.140000 
120000 1024 3.661846 33556846.083003 0.000000 33552053.211852 0.000000 - 0.170000 0.240000 0.150000 
120000 2048 0.082941 2963068158.675406 0.000000 2960923302.195719 0.000000 - 0.170000 0.240000 0.150000 
120000 4096 3.163162 155388816.976041 0.000000 155382972.808828 0.000000 - 0.230000 0.260000 0.150000 
120000 8192 8.793190 111795605.431824 0.000000 111792453.045294 0.000000 - 0.350000 0.280000 0.160000 
120000 16384 1.210251 1624522391.689310 0.000000 1624264808.612073 0.000000 - 0.350000 0.280000 0.160000 
120000 32768 1.677600 2343920015.598966 0.000000 2343812424.318433 0.000000 - 0.350000 0.280000 0.160000 
120000 65536 2.577263 3051423018.714919 0.000000 3051303617.944750 0.000000 - 0.400000 0.290000 0.160000 
78120 131072 2.837547 3608519756.563381 0.000000 3608231135.302274 0.000000 - 0.400000 0.290000 0.160000 
39060 262144 2.009800 5094708357.881095 0.000000 5093681731.436240 0.000000 - 0.450000 0.300000 0.170000 
19520 524288 1.868617 5476832732.023813 0.000000 5474846082.086345 0.000000 - 0.450000 0.300000 0.170000 
9760 1048576 1.785812 5730783714.532842 0.000000 5726335815.577557 0.000000 - 0.450000 0.300000 0.170000 
4880 2097152 1.747004 5858087086.091568 0.000000 5849432041.878733 0.000000 - 0.490000 0.320000 0.170000 
2440 4194304 1.727224 5925173051.674496 0.000000 5907621035.316142 0.000000 - 0.490000 0.320000 0.170000 
1220 8388608 1.736461 5893655087.584592 0.000000 5859129780.146145 0.000000 - 0.490000 0.320000 0.170000 
600 16777216 1.782803 5646349747.553084 0.000000 5581725914.228301 0.000000 - 0.540000 0.330000 0.180000 
300 33554432 1.853020 5432391370.060687 0.000000 5311786698.757668 0.000000 - 0.540000 0.330000 0.180000 
